NnNnNnNwWnWwNnWnN
NnNnNwNnWnWnNwWnN
NnNnNwNnWnWnNwNwWwNnNnWnWnN
NnNnWnNwNnNnWwWnWnNwNnNwWnN
NnNnNwNnWwWnNnNwNwWnNnWnNwWnNnNnWwWnN
NnNnNwWnNwWnNnWwNnWwNnNnWnNwNnNnWwWnNwNnNnWwWnN
NnNnNnNwWwWnNnWnN
NnNnNnWwWwNnNnWnN
NnNnNnNwWwWnNnNnWwWwNnNnWnN
NnNnNwNnNnWwWnWnN
NnNnWnNwNnNnWwWnWnNwNnNwWnNwWwNnNnNwNnNnWwWnNnWnNwWwNnWnNwNnNnWwWnWnNwNnNwWnNwWwNnNnNwNnNnWwWnNnWnNwWwNnWnNwNnNnWwWnWnNwNnNwWnNwWwNnNnNwNnNnWwWnNnWnNwWwNnWnNwNnNnWwWnWnNwNnNwWnNwWwNnNnNwNnNnWwWnNnWnNwWwNnWnNwNnNnWwWnWnNwNnNwWnNwWwNnNnNwNnNnWwWnNnWnNwWwNnWnNwNnNnWwWnWnNwNnNwWnNwWwNnNnNwNnNnWwWnNnWnNwWwNnWnNwNnNnWwWnWnNwNnNwWnNwWwNnNnNwNnNnWwWnNnWnNwWwNnWnNwNnNnWwWnWnNwNnNwWnNwWwNnNnNwNnNnWwWnNnWnNwWwNnWnNwNnNnWwWnWnNwNnNwWnNwWwNnNnNwNnNnWwWnNnWnNwWwNnWnNwNnNnWwWnWnNwNnNwWnNwWwNnNnNwNnNnWwWnNnWnNwWwNnWnN
