Maze #1
EEEEE

Maze #2
Impossible.

Maze #3
eennwwWWWWeeeeeesswwwwwwwnNN

Maze #4
swwwnnnnnneeesssSSS

Maze #5
eeeeeeeeeeeSSnneeeeessswwwwWWWWeeennnwwwwssSSSSnnnwwwwwwwsssseeeeeeEEEEEEEEwwwwnnenneeeeessswSSSSesWWWWWeeeennnnwwwwwwwwwsseeeesSSnwwwwwwwwwsseeeeeeeeEEEEEE

Maze #6
eeeeeeeeeeeeeeeessssssssssssssssssseNNNNNNNNNNNNNNNNNNenWWWWWWWWWWWWWWWWWW

Maze #7
neeesW

Maze #8
E

Maze #9
eeeeeeeeeeeeeeeeeessssssssssssssssssWWWWWWWWWWWWWWWWWWswNNNNNNNNNNNNNNNNNN

Maze #10
sssssssssssssssssseeeeeeeeeeseeeeeeeennWWWWWWWWnwSesWWWWWWWWWWswNNNNNNNNNNNNNNNNNN

Maze #11
Impossible.

Maze #12
esswwwwnneEEE

Maze #13
wwWWWsswwnnEEEEEsseennWesswwnNNNeennwwSSSSSSSSwsEEEEseNNNNNNNNNNNenWWWW

Maze #14
wwWWWsswwnnEEEEEsseennWesswwnNNNeennwwSSSSSSSSesWWWWWnwSSSwsEEEEEEEEEEneesswNNNNNNNNNNNNNNenWWWWW

Maze #15
Impossible.

Maze #16
eNwnEEEEEwwwwsseeeeenN

Maze #17
wwwwssswwwwwwwwwwwwnneNseennwWWWswNNseennwnwwsEEEEEEEEEEseeennwwSSSSesWnwSSesWWWWWWWeeeeeeennnnnwnwwsswsswwwwsSSwsEEEEEEEEEEEEEEEE

Maze #18
SSSwsEneesswNenWswNNNN

Maze #19
WWWswNNwnEEEEEEEEEwnnnnneessssSSSSSSwsEneesswNenWswNNNNNNNNNNseeennwwWWWWnwSSSS

Maze #20
WWWswNNwnEEEEEEEEEEsseennWesswwnNNNNNseeennwwWWWWswNwwnneeSSSSS
