RRRULURDLLDDDRRUUULLUULLLDDDDDRRDLLUUUULUURDRRDD
RL
DRUL
No Solution!
DRUL
RDLLUR
No Solution!
DRDLURDLURDLLURRDLUU
UD
No Solution!
DU
DDRRDLULLULDRRRRDLULLLDRURRRDLLURRDLULLLDRRURRDLULLLDRULDRRDRUULLLULDDDRUURDRURRDLLLLURDRRRURDLURDDLLLULLLDRUULDDRRRURRULLLLDRDLUUULDDDRUURDDRULDRRRUUURDDLUURDDDLLLLLLDRRRRRULLLURDRRRULURUULULLD
DRDLLLDRURRRDLULLLDRURRRURDLLLLLDRURRRDLLURRDLULLULDDRUULDRRRRDLLLLLDRUULDDRRRURUULU
DRDLLLDRURRRDLULLLDRURRRURDLLLLLDRURRRDLLURRDLULLULDDRUULDRRRRDLLLLLULDRRULUURDDDRURRULU
